Resolving dependencies...
Downloading packages...
  characters 1.4.0 (1.4.1 available)
  flutter_riverpod 2.6.1 (3.2.1 available)
  google_fonts 6.3.3 (8.0.2 available)
  matcher 0.12.17 (0.12.18 available)
  material_color_utilities 0.11.1 (0.13.0 available)
  meta 1.17.0 (1.18.1 available)
  riverpod 2.6.1 (3.2.1 available)
  test_api 0.7.7 (0.7.9 available)
Got dependencies!
8 packages have newer versions incompatible with dependency constraints.
Try `flutter pub outdated` for more information.
00:00 +0: loading E:/School_AI_ERP/test/auth_test.dart
00:00 +0 -1: loading E:/School_AI_ERP/test/auth_test.dart [E]
  Failed to load "E:/School_AI_ERP/test/auth_test.dart":
  Compilation failed for testPath=E:/School_AI_ERP/test/auth_test.dart: test/auth_test.dart:41:46: Error: The method 'setError' isn't defined for the type 'LoginNotifier'.
   - 'LoginNotifier' is from 'package:school_erp_admin/features/auth/login_provider.dart' ('lib/features/auth/login_provider.dart').
  Try correcting the name to the name of an existing method, or defining a method named 'setError'.
        container.read(loginProvider.notifier).setError('Old Error');
                                               ^^^^^^^^
  .
00:00 +0 -1: Some tests failed.
